// Jest Snapshot v1, https://goo.gl/fbAQLP

exports[`offersListItem snapshot 1`] = `undefined`;
