// Jest Snapshot v1, https://goo.gl/fbAQLP

exports[`OffersList snapshot 1`] = `undefined`;
